// Jest Snapshot v1, https://goo.gl/fbAQLP

exports[`should render Landing page correctly 1`] = `
<div>
  <Connect(CrudAdd) />
  <Connect(CrudLists) />
</div>
`;
